[HB-START op=inject_transport progress=inject\transport\20260721\_progress_inject_transport_20260727_095713.json]
[transport] ActiveArea (locked): 'aeo9_v0.80'
[transport] WARN: could not verify LEAP decimal separator regional (no decimal-bearing Interp found in sample). Proceeding; if decimal-bearing rows produce readback FAIL with comma-decimal evidence, abort and flip LEAP regional to period.
[transport] Will process 1 scenario(s) in ONE COM session: ['Current Accounts']
[HB t=09:57:24 stage=com_dispatched area=aeo9_v0.80 scenarios_total=1 elapsed=0m10s]

[transport] ╔═══ SCENARIO: 'Current Accounts' ═══
  ActiveScenario: 'Current Accounts'
  160 rows across 10 region group(s)

[transport] ── Phase 1: DRY RUN — SKIPPED (per --skip-dry-run) ──
  [dry-run] {}

[transport] ── Phase 3: REAL INJECT ──
  --- region 'Brunei' (16 rows) ---
    WARN: could not set ActiveRegion='Brunei': (-2147352567, 'Exception occurred.', (0, 'Leap.LEAPApplication', 'NexusDB: <unnamed TnxTable instance>: Table does not exist. Root table "Countries" not found [$2728/10024]', None, 0, -2147418113), None)
     [OK]  Demand\Transport\Road\Bus\Blended Diesel . 'Stock' = Data(2005, 1556, 2006, 1591, 2007, 1627, 2008, 1664, 2009...
     [OK]  Demand\Transport\Road\Bus\Blended Gasoline . 'Stock' = Data(2005, 0, 2006, 0, 2007, 0, 2008, 0, 2009, 0, 2010, 0...
     [OK]  Demand\Transport\Road\Bus\Electricity . 'Stock' = Data(2005, 0, 2006, 0, 2007, 0, 2008, 0, 2009, 0, 2010, 0...
     [OK]  Demand\Transport\Road\Bus\Hydrogen . 'Stock' = Data(2005, 0, 2006, 0, 2007, 0, 2008, 0, 2009, 0, 2010, 0...
     [OK]  Demand\Transport\Road\Bus\Natural Gas . 'Stock' = Data(2005, 0, 2006, 0, 2007, 0, 2008, 0, 2009, 0, 2010, 0...
     [OK]  Demand\Transport\Road\Motorcyle\Blended Gasoline . 'Stock' = Data(2005, 1520, 2006, 1675, 2007, 1860, 2008, 2077, 2009...
     [OK]  Demand\Transport\Road\Motorcyle\Electricity . 'Stock' = Data(2005, 0, 2006, 0, 2007, 0, 2008, 0, 2009, 0, 2010, 0...
     [OK]  Demand\Transport\Road\PassengerCar\Blended Diesel . 'Stock' = Data(2005, 3576, 2006, 3766, 2007, 3930, 2008, 4095, 2009...
     [OK]  Demand\Transport\Road\PassengerCar\Blended Gasoline . 'Stock' = Data(2005, 153124, 2006, 161250, 2007, 169610, 2008, 1785...
     [OK]  Demand\Transport\Road\PassengerCar\Electricity . 'Stock' = Data(2005, 0, 2006, 0, 2007, 0, 2008, 0, 2009, 0, 2010, 0...
     [OK]  Demand\Transport\Road\PassengerCar\Natural Gas . 'Stock' = Data(2005, 0, 2006, 0, 2007, 0, 2008, 0, 2009, 0, 2010, 0...
     [OK]  Demand\Transport\Road\Truck\Blended Diesel . 'Stock' = Data(2005, 4620, 2006, 4881, 2007, 5123, 2008, 5352, 2009...
     [OK]  Demand\Transport\Road\Truck\Blended Gasoline . 'Stock' = Data(2005, 0, 2006, 0, 2007, 0, 2008, 0, 2009, 0, 2010, 0...
     [OK]  Demand\Transport\Road\Truck\Electricity . 'Stock' = Data(2005, 0, 2006, 0, 2007, 0, 2008, 0, 2009, 0, 2010, 0...
     [OK]  Demand\Transport\Road\Truck\Hydrogen . 'Stock' = Data(2005, 0, 2006, 0, 2007, 0, 2008, 0, 2009, 0, 2010, 0...
     [OK]  Demand\Transport\Road\Truck\Natural Gas . 'Stock' = Data(2005, 0, 2006, 0, 2007, 0, 2008, 0, 2009, 0, 2010, 0...
  --- region 'Cambodia' (16 rows) ---
[HB t=09:59:58 stage=real_region area=aeo9_v0.80 scenarios_total=1 scenario=Current Accounts scenario_idx=1/1 region=Cambodia region_idx=2/10 rows_in_region=16 rows_written=16 row_in_region=10/16 elapsed=2m44s]
     [OK]  Demand\Transport\Road\Bus\Blended Diesel . 'Stock' = Data(2005, 25455, 2006, 26723, 2007, 28065, 2008, 29497, ...
     [OK]  Demand\Transport\Road\Bus\Blended Gasoline . 'Stock' = Data(2005, 1302, 2006, 1367, 2007, 1437, 2008, 1511, 2009...
     [OK]  Demand\Transport\Road\Bus\Electricity . 'Stock' = Data(2005, 0, 2006, 0, 2007, 0, 2008, 0, 2009, 0, 2010, 0...
     [OK]  Demand\Transport\Road\Bus\Hydrogen . 'Stock' = Data(2005, 0, 2006, 0, 2007, 0, 2008, 0, 2009, 0, 2010, 0...
     [OK]  Demand\Transport\Road\Bus\Natural Gas . 'Stock' = Data(2005, 0, 2006, 0, 2007, 0, 2008, 0, 2009, 0, 2010, 0...
     [OK]  Demand\Transport\Road\Motorcyle\Blended Gasoline . 'Stock' = Data(2005, 498963, 2006, 580147, 2007, 674724, 2008, 7849...
     [OK]  Demand\Transport\Road\Motorcyle\Electricity . 'Stock' = Data(2005, 0, 2006, 0, 2007, 0, 2008, 0, 2009, 0, 2010, 0...
     [OK]  Demand\Transport\Road\PassengerCar\Blended Diesel . 'Stock' = Data(2005, 14389, 2006, 17056, 2007, 20242, 2008, 24079, ...
     [OK]  Demand\Transport\Road\PassengerCar\Blended Gasoline . 'Stock' = Data(2005, 28516, 2006, 33802, 2007, 40090, 2008, 47608, ...
     [OK]  Demand\Transport\Road\PassengerCar\Electricity . 'Stock' = Data(2005, 0, 2006, 0, 2007, 0, 2008, 0, 2009, 0, 2010, 0...
     [OK]  Demand\Transport\Road\PassengerCar\Natural Gas . 'Stock' = Data(2005, 5389, 2006, 6388, 2007, 7610, 2008, 9108, 2009...
     [OK]  Demand\Transport\Road\Truck\Blended Diesel . 'Stock' = Data(2005, 23210, 2006, 23752, 2007, 24422, 2008, 25456, ...
     [OK]  Demand\Transport\Road\Truck\Blended Gasoline . 'Stock' = Data(2005, 0, 2006, 0, 2007, 0, 2008, 0, 2009, 0, 2010, 0...
     [OK]  Demand\Transport\Road\Truck\Electricity . 'Stock' = Data(2005, 0, 2006, 0, 2007, 0, 2008, 0, 2009, 0, 2010, 0...
     [OK]  Demand\Transport\Road\Truck\Hydrogen . 'Stock' = Data(2005, 0, 2006, 0, 2007, 0, 2008, 0, 2009, 0, 2010, 0...
     [OK]  Demand\Transport\Road\Truck\Natural Gas . 'Stock' = Data(2005, 0, 2006, 0, 2007, 0, 2008, 0, 2009, 0, 2010, 0...
  --- region 'Indonesia' (16 rows) ---
     [OK]  Demand\Transport\Road\Bus\Blended Diesel . 'Stock' = Data(2005, 102998, 2006, 109299, 2007, 115970, 2008, 1230...
     [OK]  Demand\Transport\Road\Bus\Blended Gasoline . 'Stock' = Data(2005, 0, 2006, 0, 2007, 0, 2008, 0, 2009, 0, 2010, 0...
     [OK]  Demand\Transport\Road\Bus\Electricity . 'Stock' = Data(2005, 0, 2006, 0, 2007, 0, 2008, 0, 2009, 0, 2010, 0...
     [OK]  Demand\Transport\Road\Bus\Hydrogen . 'Stock' = Data(2005, 0, 2006, 0, 2007, 0, 2008, 0, 2009, 0, 2010, 0...
     [OK]  Demand\Transport\Road\Bus\Natural Gas . 'Stock' = Data(2005, 9575, 2006, 10161, 2007, 10781, 2008, 11435, 2...
     [OK]  Demand\Transport\Road\Motorcyle\Blended Gasoline . 'Stock' = Data(2005, 33043497, 2006, 37222931, 2007, 41891376, 2008...
     [OK]  Demand\Transport\Road\Motorcyle\Electricity . 'Stock' = Data(2005, 0, 2006, 0, 2007, 0, 2008, 0, 2009, 0, 2010, 0...
     [OK]  Demand\Transport\Road\PassengerCar\Blended Diesel . 'Stock' = Data(2005, 411434, 2006, 439296, 2007, 469352, 2008, 5018...
     [OK]  Demand\Transport\Road\PassengerCar\Blended Gasoline . 'Stock' = Data(2005, 5548147, 2006, 5923865, 2007, 6329165, 2008, 6...
     [OK]  Demand\Transport\Road\PassengerCar\Electricity . 'Stock' = Data(2005, 0, 2006, 0, 2007, 0, 2008, 0, 2009, 0, 2010, 0...
     [OK]  Demand\Transport\Road\PassengerCar\Natural Gas . 'Stock' = Data(2005, 298, 2006, 318, 2007, 340, 2008, 363, 2009, 38...
     [OK]  Demand\Transport\Road\Truck\Blended Diesel . 'Stock' = Data(2005, 2553334, 2006, 2646469, 2007, 2748079, 2008, 2...
     [OK]  Demand\Transport\Road\Truck\Blended Gasoline . 'Stock' = Data(2005, 0, 2006, 0, 2007, 0, 2008, 0, 2009, 0, 2010, 0...
     [OK]  Demand\Transport\Road\Truck\Electricity . 'Stock' = Data(2005, 0, 2006, 0, 2007, 0, 2008, 0, 2009, 0, 2010, 0...
     [OK]  Demand\Transport\Road\Truck\Hydrogen . 'Stock' = Data(2005, 0, 2006, 0, 2007, 0, 2008, 0, 2009, 0, 2010, 0...
     [OK]  Demand\Transport\Road\Truck\Natural Gas . 'Stock' = Data(2005, 0, 2006, 0, 2007, 0, 2008, 0, 2009, 0, 2010, 0...
  --- region 'Laos' (16 rows) ---
     [OK]  Demand\Transport\Road\Bus\Blended Diesel . 'Stock' = Data(2005, 19372, 2006, 20675, 2007, 22066, 2008, 23551, ...
     [OK]  Demand\Transport\Road\Bus\Blended Gasoline . 'Stock' = Data(2005, 0, 2006, 0, 2007, 0, 2008, 0, 2009, 0, 2010, 0...
     [OK]  Demand\Transport\Road\Bus\Electricity . 'Stock' = Data(2005, 0, 2006, 0, 2007, 0, 2008, 0, 2009, 0, 2010, 0...
     [OK]  Demand\Transport\Road\Bus\Hydrogen . 'Stock' = Data(2005, 0, 2006, 0, 2007, 0, 2008, 0, 2009, 0, 2010, 0...
     [OK]  Demand\Transport\Road\Bus\Natural Gas . 'Stock' = Data(2005, 0, 2006, 0, 2007, 0, 2008, 0, 2009, 0, 2010, 0...
     [OK]  Demand\Transport\Road\Motorcyle\Blended Gasoline . 'Stock' = Data(2005, 317837, 2006, 359922, 2007, 407507, 2008, 4612...
     [OK]  Demand\Transport\Road\Motorcyle\Electricity . 'Stock' = Data(2005, 0, 2006, 0, 2007, 0, 2008, 0, 2009, 0, 2010, 0...
     [OK]  Demand\Transport\Road\PassengerCar\Blended Diesel . 'Stock' = Data(2005, 3302, 2006, 3901, 2007, 4613, 2008, 5465, 2009...
     [OK]  Demand\Transport\Road\PassengerCar\Blended Gasoline . 'Stock' = Data(2005, 8926, 2006, 10545, 2007, 12470, 2008, 14774, 2...
     [OK]  Demand\Transport\Road\PassengerCar\Electricity . 'Stock' = Data(2005, 0, 2006, 0, 2007, 0, 2008, 0, 2009, 0, 2010, 0...
     [OK]  Demand\Transport\Road\PassengerCar\Natural Gas . 'Stock' = Data(2005, 0, 2006, 0, 2007, 0, 2008, 0, 2009, 0, 2010, 0...
     [OK]  Demand\Transport\Road\Truck\Blended Diesel . 'Stock' = Data(2005, 13738, 2006, 15568, 2007, 17806, 2008, 20608, ...
     [OK]  Demand\Transport\Road\Truck\Blended Gasoline . 'Stock' = Data(2005, 0, 2006, 0, 2007, 0, 2008, 0, 2009, 0, 2010, 0...
     [OK]  Demand\Transport\Road\Truck\Electricity . 'Stock' = Data(2005, 0, 2006, 0, 2007, 0, 2008, 0, 2009, 0, 2010, 0...
     [OK]  Demand\Transport\Road\Truck\Hydrogen . 'Stock' = Data(2005, 0, 2006, 0, 2007, 0, 2008, 0, 2009, 0, 2010, 0...
     [OK]  Demand\Transport\Road\Truck\Natural Gas . 'Stock' = Data(2005, 0, 2006, 0, 2007, 0, 2008, 0, 2009, 0, 2010, 0...
  --- region 'Malaysia' (16 rows) ---
[HB t=10:00:10 stage=real_region area=aeo9_v0.80 scenarios_total=1 scenario=Current Accounts scenario_idx=1/1 region=Malaysia region_idx=5/10 rows_in_region=16 rows_written=64 row_in_region=10/16 elapsed=2m56s]
     [OK]  Demand\Transport\Road\Bus\Blended Diesel . 'Stock' = Data(2005, 35521, 2006, 37668, 2007, 39957, 2008, 42346, ...
     [OK]  Demand\Transport\Road\Bus\Blended Gasoline . 'Stock' = Data(2005, 324, 2006, 344, 2007, 361, 2008, 402, 2009, 43...
     [OK]  Demand\Transport\Road\Bus\Electricity . 'Stock' = Data(2005, 0, 2006, 0, 2007, 0, 2008, 0, 2009, 0, 2010, 0...
     [OK]  Demand\Transport\Road\Bus\Hydrogen . 'Stock' = Data(2005, 0, 2006, 0, 2007, 0, 2008, 0, 2009, 0, 2010, 0...
     [OK]  Demand\Transport\Road\Bus\Natural Gas . 'Stock' = Data(2005, 1540, 2006, 1633, 2007, 1715, 2008, 1795, 2009...
     [OK]  Demand\Transport\Road\Motorcyle\Blended Gasoline . 'Stock' = Data(2005, 5845424, 2006, 6194113, 2007, 6567373, 2008, 6...
     [OK]  Demand\Transport\Road\Motorcyle\Electricity . 'Stock' = Data(2005, 59039, 2006, 62561, 2007, 66331, 2008, 70356, ...
     [OK]  Demand\Transport\Road\PassengerCar\Blended Diesel . 'Stock' = Data(2005, 390045, 2006, 435915, 2007, 466421, 2008, 4942...
     [OK]  Demand\Transport\Road\PassengerCar\Blended Gasoline . 'Stock' = Data(2005, 6812730, 2006, 7170217, 2007, 7571430, 2008, 8...
     [OK]  Demand\Transport\Road\PassengerCar\Electricity . 'Stock' = Data(2005, 0, 2006, 0, 2007, 0, 2008, 0, 2009, 0, 2010, 0...
     [OK]  Demand\Transport\Road\PassengerCar\Natural Gas . 'Stock' = Data(2005, 0, 2006, 0, 2007, 0, 2008, 0, 2009, 0, 2010, 0...
     [OK]  Demand\Transport\Road\Truck\Blended Diesel . 'Stock' = Data(2005, 727768, 2006, 727768, 2007, 728952, 2008, 7334...
     [OK]  Demand\Transport\Road\Truck\Blended Gasoline . 'Stock' = Data(2005, 157405, 2006, 157405, 2007, 157487, 2008, 1582...
     [OK]  Demand\Transport\Road\Truck\Electricity . 'Stock' = Data(2005, 0, 2006, 0, 2007, 0, 2008, 0, 2009, 0, 2010, 0...
     [OK]  Demand\Transport\Road\Truck\Hydrogen . 'Stock' = Data(2005, 0, 2006, 0, 2007, 0, 2008, 0, 2009, 0, 2010, 0...
     [OK]  Demand\Transport\Road\Truck\Natural Gas . 'Stock' = Data(2005, 3394, 2006, 3394, 2007, 3400, 2008, 3430, 2009...
  --- region 'Myanmar' (16 rows) ---
     [OK]  Demand\Transport\Road\Bus\Blended Diesel . 'Stock' = Data(2005, 8441, 2006, 8992, 2007, 9604, 2008, 10238, 200...
     [OK]  Demand\Transport\Road\Bus\Blended Gasoline . 'Stock' = Data(2005, 0, 2006, 0, 2007, 0, 2008, 0, 2009, 0, 2010, 0...
     [OK]  Demand\Transport\Road\Bus\Electricity . 'Stock' = Data(2005, 0, 2006, 0, 2007, 0, 2008, 0, 2009, 0, 2010, 0...
     [OK]  Demand\Transport\Road\Bus\Hydrogen . 'Stock' = Data(2005, 0, 2006, 0, 2007, 0, 2008, 0, 2009, 0, 2010, 0...
     [OK]  Demand\Transport\Road\Bus\Natural Gas . 'Stock' = Data(2005, 5894, 2006, 6279, 2007, 6639, 2008, 7002, 2009...
     [OK]  Demand\Transport\Road\Motorcyle\Blended Gasoline . 'Stock' = Data(2005, 603325, 2006, 730483, 2007, 879513, 2008, 1051...
     [OK]  Demand\Transport\Road\Motorcyle\Electricity . 'Stock' = Data(2005, 0, 2006, 0, 2007, 0, 2008, 0, 2009, 0, 2010, 0...
     [OK]  Demand\Transport\Road\PassengerCar\Blended Diesel . 'Stock' = Data(2005, 77615, 2006, 85826, 2007, 94705, 2008, 104274,...
     [OK]  Demand\Transport\Road\PassengerCar\Blended Gasoline . 'Stock' = Data(2005, 62197, 2006, 68777, 2007, 75892, 2008, 83560, ...
     [OK]  Demand\Transport\Road\PassengerCar\Electricity . 'Stock' = Data(2005, 0, 2006, 0, 2007, 0, 2008, 0, 2009, 0, 2010, 0...
     [OK]  Demand\Transport\Road\PassengerCar\Natural Gas . 'Stock' = Data(2005, 15447, 2006, 17082, 2007, 18849, 2008, 20753, ...
     [OK]  Demand\Transport\Road\Truck\Blended Diesel . 'Stock' = Data(2005, 25343, 2006, 29976, 2007, 35670, 2008, 42754, ...
     [OK]  Demand\Transport\Road\Truck\Blended Gasoline . 'Stock' = Data(2005, 3619, 2006, 4281, 2007, 5094, 2008, 6106, 2009...
     [OK]  Demand\Transport\Road\Truck\Electricity . 'Stock' = Data(2005, 0, 2006, 0, 2007, 0, 2008, 0, 2009, 0, 2010, 0...
     [OK]  Demand\Transport\Road\Truck\Hydrogen . 'Stock' = Data(2005, 0, 2006, 0, 2007, 0, 2008, 0, 2009, 0, 2010, 0...
     [OK]  Demand\Transport\Road\Truck\Natural Gas . 'Stock' = Data(2005, 7241, 2006, 8565, 2007, 10191, 2008, 12215, 20...
  --- region 'Philippines' (16 rows) ---
     [OK]  Demand\Transport\Road\Bus\Blended Diesel . 'Stock' = Data(2005, 21548, 2006, 22250, 2007, 22992, 2008, 23790, ...
     [OK]  Demand\Transport\Road\Bus\Blended Gasoline . 'Stock' = Data(2005, 15, 2006, 15, 2007, 16, 2008, 16, 2009, 16, 20...
     [OK]  Demand\Transport\Road\Bus\Electricity . 'Stock' = Data(2005, 0, 2006, 0, 2007, 0, 2008, 0, 2009, 0, 2010, 0...
     [OK]  Demand\Transport\Road\Bus\Hydrogen . 'Stock' = Data(2005, 0, 2006, 0, 2007, 0, 2008, 0, 2009, 0, 2010, 0...
     [OK]  Demand\Transport\Road\Bus\Natural Gas . 'Stock' = Data(2005, 0, 2006, 0, 2007, 0, 2008, 0, 2009, 0, 2010, 0...
     [OK]  Demand\Transport\Road\Motorcyle\Blended Gasoline . 'Stock' = Data(2005, 2084602, 2006, 2241493, 2007, 2411651, 2008, 2...
     [OK]  Demand\Transport\Road\Motorcyle\Electricity . 'Stock' = Data(2005, 0, 2006, 0, 2007, 0, 2008, 0, 2009, 0, 2010, 0...
     [OK]  Demand\Transport\Road\PassengerCar\Blended Diesel . 'Stock' = Data(2005, 852044, 2006, 882624, 2007, 914535, 2008, 9482...
     [OK]  Demand\Transport\Road\PassengerCar\Blended Gasoline . 'Stock' = Data(2005, 1270885, 2006, 1316498, 2007, 1364096, 2008, 1...
     [OK]  Demand\Transport\Road\PassengerCar\Electricity . 'Stock' = Data(2005, 0, 2006, 0, 2007, 0, 2008, 0, 2009, 0, 2010, 0...
     [OK]  Demand\Transport\Road\PassengerCar\Natural Gas . 'Stock' = Data(2005, 0, 2006, 0, 2007, 0, 2008, 0, 2009, 0, 2010, 0...
     [OK]  Demand\Transport\Road\Truck\Blended Diesel . 'Stock' = Data(2005, 210758, 2006, 215987, 2007, 222030, 2008, 2297...
     [OK]  Demand\Transport\Road\Truck\Blended Gasoline . 'Stock' = Data(2005, 2575, 2006, 2639, 2007, 2709, 2008, 2804, 2009...
     [OK]  Demand\Transport\Road\Truck\Electricity . 'Stock' = Data(2005, 0, 2006, 0, 2007, 0, 2008, 0, 2009, 0, 2010, 0...
     [OK]  Demand\Transport\Road\Truck\Hydrogen . 'Stock' = Data(2005, 0, 2006, 0, 2007, 0, 2008, 0, 2009, 0, 2010, 0...
     [OK]  Demand\Transport\Road\Truck\Natural Gas . 'Stock' = Data(2005, 0, 2006, 0, 2007, 0, 2008, 0, 2009, 0, 2010, 0...
  --- region 'Singapore' (16 rows) ---
[HB t=10:00:20 stage=real_region area=aeo9_v0.80 scenarios_total=1 scenario=Current Accounts scenario_idx=1/1 region=Singapore region_idx=8/10 rows_in_region=16 rows_written=112 row_in_region=10/16 elapsed=3m07s]
     [OK]  Demand\Transport\Road\Bus\Blended Diesel . 'Stock' = Data(2005, 11869, 2006, 12373, 2007, 12893, 2008, 13431, ...
     [OK]  Demand\Transport\Road\Bus\Blended Gasoline . 'Stock' = Data(2005, 134, 2006, 140, 2007, 147, 2008, 155, 2009, 16...
     [OK]  Demand\Transport\Road\Bus\Electricity . 'Stock' = Data(2005, 0, 2006, 0, 2007, 0, 2008, 0, 2009, 0, 2010, 0...
     [OK]  Demand\Transport\Road\Bus\Hydrogen . 'Stock' = Data(2005, 0, 2006, 0, 2007, 0, 2008, 0, 2009, 0, 2010, 0...
     [OK]  Demand\Transport\Road\Bus\Natural Gas . 'Stock' = Data(2005, 0, 2006, 0, 2007, 0, 2008, 0, 2009, 0, 2010, 0...
     [OK]  Demand\Transport\Road\Motorcyle\Blended Gasoline . 'Stock' = Data(2005, 139000, 2006, 139317, 2007, 139582, 2008, 1397...
     [OK]  Demand\Transport\Road\Motorcyle\Electricity . 'Stock' = Data(2005, 0, 2006, 0, 2007, 0, 2008, 0, 2009, 0, 2010, 0...
     [OK]  Demand\Transport\Road\PassengerCar\Blended Diesel . 'Stock' = Data(2005, 326776, 2006, 346282, 2007, 365845, 2008, 3845...
     [OK]  Demand\Transport\Road\PassengerCar\Blended Gasoline . 'Stock' = Data(2005, 136224, 2006, 144356, 2007, 152511, 2008, 1602...
     [OK]  Demand\Transport\Road\PassengerCar\Electricity . 'Stock' = Data(2005, 0, 2006, 0, 2007, 0, 2008, 0, 2009, 0, 2010, 0...
     [OK]  Demand\Transport\Road\PassengerCar\Natural Gas . 'Stock' = Data(2005, 0, 2006, 0, 2007, 0, 2008, 0, 2009, 0, 2010, 0...
     [OK]  Demand\Transport\Road\Truck\Blended Diesel . 'Stock' = Data(2005, 104635, 2006, 107717, 2007, 111248, 2008, 1155...
     [OK]  Demand\Transport\Road\Truck\Blended Gasoline . 'Stock' = Data(2005, 5507, 2006, 5669, 2007, 5855, 2008, 6082, 2009...
     [OK]  Demand\Transport\Road\Truck\Electricity . 'Stock' = Data(2005, 0, 2006, 0, 2007, 0, 2008, 0, 2009, 0, 2010, 0...
     [OK]  Demand\Transport\Road\Truck\Hydrogen . 'Stock' = Data(2005, 0, 2006, 0, 2007, 0, 2008, 0, 2009, 0, 2010, 0...
     [OK]  Demand\Transport\Road\Truck\Natural Gas . 'Stock' = Data(2005, 0, 2006, 0, 2007, 0, 2008, 0, 2009, 0, 2010, 0...
  --- region 'Thailand' (16 rows) ---
     [OK]  Demand\Transport\Road\Bus\Blended Diesel . 'Stock' = Data(2005, 70328, 2006, 74726, 2007, 79358, 2008, 84122, ...
     [OK]  Demand\Transport\Road\Bus\Blended Gasoline . 'Stock' = Data(2005, 5049, 2006, 5365, 2007, 5641, 2008, 5916, 2009...
     [OK]  Demand\Transport\Road\Bus\Electricity . 'Stock' = Data(2005, 0, 2006, 0, 2007, 0, 2008, 0, 2009, 0, 2010, 0...
     [OK]  Demand\Transport\Road\Bus\Hydrogen . 'Stock' = Data(2005, 0, 2006, 0, 2007, 0, 2008, 0, 2009, 0, 2010, 0...
     [OK]  Demand\Transport\Road\Bus\Natural Gas . 'Stock' = Data(2005, 20861, 2006, 22166, 2007, 23540, 2008, 24953, ...
     [OK]  Demand\Transport\Road\Motorcyle\Blended Gasoline . 'Stock' = Data(2005, 9576921, 2006, 10181454, 2007, 10820387, 2008,...
     [OK]  Demand\Transport\Road\Motorcyle\Electricity . 'Stock' = Data(2005, 722, 2006, 768, 2007, 816, 2008, 866, 2009, 91...
     [OK]  Demand\Transport\Road\PassengerCar\Blended Diesel . 'Stock' = Data(2005, 1145592, 2006, 1267690, 2007, 1403174, 2008, 1...
     [OK]  Demand\Transport\Road\PassengerCar\Blended Gasoline . 'Stock' = Data(2005, 1403801, 2006, 1553419, 2007, 1719441, 2008, 1...
     [OK]  Demand\Transport\Road\PassengerCar\Electricity . 'Stock' = Data(2005, 0, 2006, 0, 2007, 0, 2008, 0, 2009, 0, 2010, 0...
     [OK]  Demand\Transport\Road\PassengerCar\Natural Gas . 'Stock' = Data(2005, 0, 2006, 0, 2007, 0, 2008, 0, 2009, 0, 2010, 0...
     [OK]  Demand\Transport\Road\Truck\Blended Diesel . 'Stock' = Data(2005, 715725, 2006, 715725, 2007, 715725, 2008, 7159...
     [OK]  Demand\Transport\Road\Truck\Blended Gasoline . 'Stock' = Data(2005, 5760, 2006, 5760, 2007, 5760, 2008, 5762, 2009...
     [OK]  Demand\Transport\Road\Truck\Electricity . 'Stock' = Data(2005, 0, 2006, 0, 2007, 0, 2008, 0, 2009, 0, 2010, 0...
     [OK]  Demand\Transport\Road\Truck\Hydrogen . 'Stock' = Data(2005, 0, 2006, 0, 2007, 0, 2008, 0, 2009, 0, 2010, 0...
     [OK]  Demand\Transport\Road\Truck\Natural Gas . 'Stock' = Data(2005, 84733, 2006, 84733, 2007, 84733, 2008, 84757, ...
  --- region 'Vietnam' (16 rows) ---
     [OK]  Demand\Transport\Road\Bus\Blended Diesel . 'Stock' = Data(2005, 50960, 2006, 53892, 2007, 56989, 2008, 60261, ...
     [OK]  Demand\Transport\Road\Bus\Blended Gasoline . 'Stock' = Data(2005, 0, 2006, 0, 2007, 0, 2008, 0, 2009, 0, 2010, 0...
     [OK]  Demand\Transport\Road\Bus\Electricity . 'Stock' = Data(2005, 0, 2006, 0, 2007, 0, 2008, 0, 2009, 0, 2010, 0...
     [OK]  Demand\Transport\Road\Bus\Hydrogen . 'Stock' = Data(2005, 0, 2006, 0, 2007, 0, 2008, 0, 2009, 0, 2010, 0...
     [OK]  Demand\Transport\Road\Bus\Natural Gas . 'Stock' = Data(2005, 21829, 2006, 23085, 2007, 24416, 2008, 25819, ...
     [OK]  Demand\Transport\Road\Motorcyle\Blended Gasoline . 'Stock' = Data(2005, 15127230, 2006, 16986820, 2007, 19044433, 2008...
     [OK]  Demand\Transport\Road\Motorcyle\Electricity . 'Stock' = Data(2005, 0, 2006, 0, 2007, 0, 2008, 0, 2009, 0, 2010, 0...
     [OK]  Demand\Transport\Road\PassengerCar\Blended Diesel . 'Stock' = Data(2005, 60682, 2006, 67648, 2007, 75415, 2008, 84054, ...
     [OK]  Demand\Transport\Road\PassengerCar\Blended Gasoline . 'Stock' = Data(2005, 614387, 2006, 684922, 2007, 763553, 2008, 8510...
     [OK]  Demand\Transport\Road\PassengerCar\Electricity . 'Stock' = Data(2005, 0, 2006, 0, 2007, 0, 2008, 0, 2009, 0, 2010, 0...
     [OK]  Demand\Transport\Road\PassengerCar\Natural Gas . 'Stock' = Data(2005, 0, 2006, 0, 2007, 0, 2008, 0, 2009, 0, 2010, 0...
     [OK]  Demand\Transport\Road\Truck\Blended Diesel . 'Stock' = Data(2005, 294545, 2006, 336211, 2007, 378999, 2008, 4226...
     [OK]  Demand\Transport\Road\Truck\Blended Gasoline . 'Stock' = Data(2005, 0, 2006, 0, 2007, 0, 2008, 0, 2009, 0, 2010, 0...
     [OK]  Demand\Transport\Road\Truck\Electricity . 'Stock' = Data(2005, 0, 2006, 0, 2007, 0, 2008, 0, 2009, 0, 2010, 0...
     [OK]  Demand\Transport\Road\Truck\Hydrogen . 'Stock' = Data(2005, 0, 2006, 0, 2007, 0, 2008, 0, 2009, 0, 2010, 0...
     [OK]  Demand\Transport\Road\Truck\Natural Gas . 'Stock' = Data(2005, 0, 2006, 0, 2007, 0, 2008, 0, 2009, 0, 2010, 0...
  [real-inject] {'pushed': 160}

[transport] ── Phase 4: READBACK VERIFY ──
  Verifying 10 representative row(s) (1 per region × 10 region(s))
  [FAIL] Brunei|Stock on Demand\Transport\Road\Bus\Blended Diesel
         actual:   None
         expected: 'Data(2005, 1556, 2006, 1591, 2007, 1627, 2008, 1664, 2009, 1700, 2010, 1733, 2011, 1761, 2012, 1789, 2013, 1816, 2014, 1846, 2015, 1875, 2016, 1903, 2017, 1929, 2018, 1955, 2019, 1984, 2020, 2009, 2021, 2036, 2022, 2064, 2023, 2092, 2024, 2120) ? AEO-9 Transport historical CA Stock hard input (2026-07-21): observed/modelled fleet 2005-2024 = Gompertz (LDV/2W) / FE-OLS (Bus/Truck) total x Weibull-convolved fuel mix x active-fleet, 2024 anchored to published data; scenario-invariant (CA=ATS=BAS=RAS); REPLACES the corrupted class-pasted / IDN-2015-divisor live series (A4/A6)'
  [FAIL] Cambodia|Stock on Demand\Transport\Road\Bus\Blended Diesel
         actual:   None
         expected: 'Data(2005, 25455, 2006, 26723, 2007, 28065, 2008, 29497, 2009, 30855, 2010, 32344, 2011, 33931, 2012, 35606, 2013, 37432, 2014, 39435, 2015, 41542, 2016, 43661, 2017, 45752, 2018, 47878, 2019, 50063, 2020, 52314, 2021, 54645, 2022, 57055, 2023, 59549, 2024, 62119) ? AEO-9 Transport historical CA Stock hard input (2026-07-21): observed/modelled fleet 2005-2024 = Gompertz (LDV/2W) / FE-OLS (Bus/Truck) total x Weibull-convolved fuel mix x active-fleet, 2024 anchored to published data; scenario-invariant (CA=ATS=BAS=RAS); REPLACES the corrupted class-pasted / IDN-2015-divisor live series (A4/A6)'
  [FAIL] Indonesia|Stock on Demand\Transport\Road\Bus\Blended Diesel
         actual:   None
         expected: 'Data(2005, 102998, 2006, 109299, 2007, 115970, 2008, 123010, 2009, 130406, 2010, 138145, 2011, 146199, 2012, 154556, 2013, 163244, 2014, 172269, 2015, 181396, 2016, 190501, 2017, 199579, 2018, 208907, 2019, 218589, 2020, 229329, 2021, 240713, 2022, 252334, 2023, 264264, 2024, 275845) ? AEO-9 Transport historical CA Stock hard input (2026-07-21): observed/modelled fleet 2005-2024 = Gompertz (LDV/2W) / FE-OLS (Bus/Truck) total x Weibull-convolved fuel mix x active-fleet, 2024 anchored to published data; scenario-invariant (CA=ATS=BAS=RAS); REPLACES the corrupted class-pasted / IDN-2015-divisor live series (A4/A6)'
  [FAIL] Laos|Stock on Demand\Transport\Road\Bus\Blended Diesel
         actual:   None
         expected: 'Data(2005, 19372, 2006, 20675, 2007, 22066, 2008, 23551, 2009, 25136, 2010, 26828, 2011, 28623, 2012, 30525, 2013, 32534, 2014, 34651, 2015, 36854, 2016, 39117, 2017, 41428, 2018, 43786, 2019, 46192, 2020, 48642, 2021, 51137, 2022, 53680, 2023, 56286, 2024, 58976) ? AEO-9 Transport historical CA Stock hard input (2026-07-21): observed/modelled fleet 2005-2024 = Gompertz (LDV/2W) / FE-OLS (Bus/Truck) total x Weibull-convolved fuel mix x active-fleet, 2024 anchored to published data; scenario-invariant (CA=ATS=BAS=RAS); REPLACES the corrupted class-pasted / IDN-2015-divisor live series (A4/A6)'
  [FAIL] Malaysia|Stock on Demand\Transport\Road\Bus\Blended Diesel
         actual:   None
         expected: 'Data(2005, 35521, 2006, 37668, 2007, 39957, 2008, 42346, 2009, 44871, 2010, 47496, 2011, 50219, 2012, 53012, 2013, 55959, 2014, 59043, 2015, 62138, 2016, 65144, 2017, 68128, 2018, 70747, 2019, 73328, 2020, 75802, 2021, 78153, 2022, 80351, 2023, 82361, 2024, 84206) ? AEO-9 Transport historical CA Stock hard input (2026-07-21): observed/modelled fleet 2005-2024 = Gompertz (LDV/2W) / FE-OLS (Bus/Truck) total x Weibull-convolved fuel mix x active-fleet, 2024 anchored to published data; scenario-invariant (CA=ATS=BAS=RAS); REPLACES the corrupted class-pasted / IDN-2015-divisor live series (A4/A6)'
  [FAIL] Myanmar|Stock on Demand\Transport\Road\Bus\Blended Diesel
         actual:   None
         expected: 'Data(2005, 8441, 2006, 8992, 2007, 9604, 2008, 10238, 2009, 10905, 2010, 11596, 2011, 12295, 2012, 13003, 2013, 13716, 2014, 14446, 2015, 15196, 2016, 15933, 2017, 16643, 2018, 17305, 2019, 17937, 2020, 18539, 2021, 19124, 2022, 19699, 2023, 20256, 2024, 20803) ? AEO-9 Transport historical CA Stock hard input (2026-07-21): observed/modelled fleet 2005-2024 = Gompertz (LDV/2W) / FE-OLS (Bus/Truck) total x Weibull-convolved fuel mix x active-fleet, 2024 anchored to published data; scenario-invariant (CA=ATS=BAS=RAS); REPLACES the corrupted class-pasted / IDN-2015-divisor live series (A4/A6)'
  [FAIL] Philippines|Stock on Demand\Transport\Road\Bus\Blended Diesel
         actual:   None
         expected: 'Data(2005, 21548, 2006, 22250, 2007, 22992, 2008, 23790, 2009, 24658, 2010, 25598, 2011, 26608, 2012, 27705, 2013, 28916, 2014, 30245, 2015, 31593, 2016, 32911, 2017, 34196, 2018, 35363, 2019, 36539, 2020, 37708, 2021, 38864, 2022, 40001, 2023, 41117, 2024, 42243) ? AEO-9 Transport historical CA Stock hard input (2026-07-21): observed/modelled fleet 2005-2024 = Gompertz (LDV/2W) / FE-OLS (Bus/Truck) total x Weibull-convolved fuel mix x active-fleet, 2024 anchored to published data; scenario-invariant (CA=ATS=BAS=RAS); REPLACES the corrupted class-pasted / IDN-2015-divisor live series (A4/A6)'
  [FAIL] Singapore|Stock on Demand\Transport\Road\Bus\Blended Diesel
         actual:   None
         expected: 'Data(2005, 11869, 2006, 12373, 2007, 12893, 2008, 13431, 2009, 13991, 2010, 14571, 2011, 15164, 2012, 15767, 2013, 16387, 2014, 17025, 2015, 17656, 2016, 18250, 2017, 18788, 2018, 18563, 2019, 18222, 2020, 17777, 2021, 17238, 2022, 16611, 2023, 15902, 2024, 16062) ? AEO-9 Transport historical CA Stock hard input (2026-07-21): observed/modelled fleet 2005-2024 = Gompertz (LDV/2W) / FE-OLS (Bus/Truck) total x Weibull-convolved fuel mix x active-fleet, 2024 anchored to published data; scenario-invariant (CA=ATS=BAS=RAS); REPLACES the corrupted class-pasted / IDN-2015-divisor live series (A4/A6)'
  [FAIL] Thailand|Stock on Demand\Transport\Road\Bus\Blended Diesel
         actual:   None
         expected: 'Data(2005, 70328, 2006, 74726, 2007, 79358, 2008, 84122, 2009, 88999, 2010, 93885, 2011, 98728, 2012, 103593, 2013, 108599, 2014, 113657, 2015, 118590, 2016, 123189, 2017, 127601, 2018, 130510, 2019, 133368, 2020, 136127, 2021, 138701, 2022, 141037, 2023, 143129, 2024, 144985) ? AEO-9 Transport historical CA Stock hard input (2026-07-21): observed/modelled fleet 2005-2024 = Gompertz (LDV/2W) / FE-OLS (Bus/Truck) total x Weibull-convolved fuel mix x active-fleet, 2024 anchored to published data; scenario-invariant (CA=ATS=BAS=RAS); REPLACES the corrupted class-pasted / IDN-2015-divisor live series (A4/A6)'
  [FAIL] Vietnam|Demand\Transport\Road\Bus\Blended Diesel.Stock: (-2147023170, 'The remote procedure call failed.', None, None)
  Readback summary: 0 EXACT, 0 NORMALISED, 10 FAIL
[transport] READBACK FAILED for 'Current Accounts' (§A.15). Inject committed but verification did not pass.
[transport] --fail-fast: aborting remaining scenarios.

[transport] === ALL SCENARIOS DONE ===
[HB-DONE op=inject_transport elapsed=4m14s rows=154 progress=inject\transport\20260721\_progress_inject_transport_20260727_095713.json]
