[HB-START op=inject_transport progress=inject\transport\20260721\_progress_inject_transport_20260727_102333.json]
[transport] ActiveArea (locked): 'aeo9_v0.81'
[transport] WARN: could not verify LEAP decimal separator regional (no decimal-bearing Interp found in sample). Proceeding; if decimal-bearing rows produce readback FAIL with comma-decimal evidence, abort and flip LEAP regional to period.
[transport] Will process 1 scenario(s) in ONE COM session: ['Current Accounts']
[HB t=10:23:46 stage=com_dispatched area=aeo9_v0.81 scenarios_total=1 elapsed=0m12s]

[transport] ╔═══ SCENARIO: 'Current Accounts' ═══
  ActiveScenario: 'Current Accounts'
  160 rows across 10 region group(s)

[transport] ── Phase 1: DRY RUN — SKIPPED (per --skip-dry-run) ──
  [dry-run] {}

[transport] ── Phase 3: REAL INJECT ──
  --- region 'Brunei' (16 rows) ---
     [OK]  Demand\Transport\Road\Bus\Blended Diesel . 'Stock' = Data(2005, 1556, 2006, 1591, 2007, 1627, 2008, 1664, 2009...
     [OK]  Demand\Transport\Road\Bus\Blended Gasoline . 'Stock' = Data(2005, 0, 2006, 0, 2007, 0, 2008, 0, 2009, 0, 2010, 0...
     [OK]  Demand\Transport\Road\Bus\Electricity . 'Stock' = Data(2005, 0, 2006, 0, 2007, 0, 2008, 0, 2009, 0, 2010, 0...
     [OK]  Demand\Transport\Road\Bus\Hydrogen . 'Stock' = Data(2005, 0, 2006, 0, 2007, 0, 2008, 0, 2009, 0, 2010, 0...
     [OK]  Demand\Transport\Road\Bus\Natural Gas . 'Stock' = Data(2005, 0, 2006, 0, 2007, 0, 2008, 0, 2009, 0, 2010, 0...
     [OK]  Demand\Transport\Road\Motorcyle\Blended Gasoline . 'Stock' = Data(2005, 1520, 2006, 1675, 2007, 1860, 2008, 2077, 2009...
     [OK]  Demand\Transport\Road\Motorcyle\Electricity . 'Stock' = Data(2005, 0, 2006, 0, 2007, 0, 2008, 0, 2009, 0, 2010, 0...
     [OK]  Demand\Transport\Road\PassengerCar\Blended Diesel . 'Stock' = Data(2005, 3576, 2006, 3766, 2007, 3930, 2008, 4095, 2009...
     [OK]  Demand\Transport\Road\PassengerCar\Blended Gasoline . 'Stock' = Data(2005, 153124, 2006, 161250, 2007, 169610, 2008, 1785...
     [OK]  Demand\Transport\Road\PassengerCar\Electricity . 'Stock' = Data(2005, 0, 2006, 0, 2007, 0, 2008, 0, 2009, 0, 2010, 0...
     [OK]  Demand\Transport\Road\PassengerCar\Natural Gas . 'Stock' = Data(2005, 0, 2006, 0, 2007, 0, 2008, 0, 2009, 0, 2010, 0...
     [OK]  Demand\Transport\Road\Truck\Blended Diesel . 'Stock' = Data(2005, 4620, 2006, 4881, 2007, 5123, 2008, 5352, 2009...
     [OK]  Demand\Transport\Road\Truck\Blended Gasoline . 'Stock' = Data(2005, 0, 2006, 0, 2007, 0, 2008, 0, 2009, 0, 2010, 0...
     [OK]  Demand\Transport\Road\Truck\Electricity . 'Stock' = Data(2005, 0, 2006, 0, 2007, 0, 2008, 0, 2009, 0, 2010, 0...
     [OK]  Demand\Transport\Road\Truck\Hydrogen . 'Stock' = Data(2005, 0, 2006, 0, 2007, 0, 2008, 0, 2009, 0, 2010, 0...
     [OK]  Demand\Transport\Road\Truck\Natural Gas . 'Stock' = Data(2005, 0, 2006, 0, 2007, 0, 2008, 0, 2009, 0, 2010, 0...
  --- region 'Cambodia' (16 rows) ---
[HB t=10:24:00 stage=real_region area=aeo9_v0.81 scenarios_total=1 scenario=Current Accounts scenario_idx=1/1 region=Cambodia region_idx=2/10 rows_in_region=16 rows_written=16 row_in_region=10/16 elapsed=0m27s]
     [OK]  Demand\Transport\Road\Bus\Blended Diesel . 'Stock' = Data(2005, 25455, 2006, 26723, 2007, 28065, 2008, 29497, ...
     [OK]  Demand\Transport\Road\Bus\Blended Gasoline . 'Stock' = Data(2005, 1302, 2006, 1367, 2007, 1437, 2008, 1511, 2009...
     [OK]  Demand\Transport\Road\Bus\Electricity . 'Stock' = Data(2005, 0, 2006, 0, 2007, 0, 2008, 0, 2009, 0, 2010, 0...
     [OK]  Demand\Transport\Road\Bus\Hydrogen . 'Stock' = Data(2005, 0, 2006, 0, 2007, 0, 2008, 0, 2009, 0, 2010, 0...
     [OK]  Demand\Transport\Road\Bus\Natural Gas . 'Stock' = Data(2005, 0, 2006, 0, 2007, 0, 2008, 0, 2009, 0, 2010, 0...
     [OK]  Demand\Transport\Road\Motorcyle\Blended Gasoline . 'Stock' = Data(2005, 498963, 2006, 580147, 2007, 674724, 2008, 7849...
     [OK]  Demand\Transport\Road\Motorcyle\Electricity . 'Stock' = Data(2005, 0, 2006, 0, 2007, 0, 2008, 0, 2009, 0, 2010, 0...
     [OK]  Demand\Transport\Road\PassengerCar\Blended Diesel . 'Stock' = Data(2005, 14389, 2006, 17056, 2007, 20242, 2008, 24079, ...
     [OK]  Demand\Transport\Road\PassengerCar\Blended Gasoline . 'Stock' = Data(2005, 28516, 2006, 33802, 2007, 40090, 2008, 47608, ...
     [OK]  Demand\Transport\Road\PassengerCar\Electricity . 'Stock' = Data(2005, 0, 2006, 0, 2007, 0, 2008, 0, 2009, 0, 2010, 0...
     [OK]  Demand\Transport\Road\PassengerCar\Natural Gas . 'Stock' = Data(2005, 5389, 2006, 6388, 2007, 7610, 2008, 9108, 2009...
     [OK]  Demand\Transport\Road\Truck\Blended Diesel . 'Stock' = Data(2005, 23210, 2006, 23752, 2007, 24422, 2008, 25456, ...
     [OK]  Demand\Transport\Road\Truck\Blended Gasoline . 'Stock' = Data(2005, 0, 2006, 0, 2007, 0, 2008, 0, 2009, 0, 2010, 0...
     [OK]  Demand\Transport\Road\Truck\Electricity . 'Stock' = Data(2005, 0, 2006, 0, 2007, 0, 2008, 0, 2009, 0, 2010, 0...
     [OK]  Demand\Transport\Road\Truck\Hydrogen . 'Stock' = Data(2005, 0, 2006, 0, 2007, 0, 2008, 0, 2009, 0, 2010, 0...
     [OK]  Demand\Transport\Road\Truck\Natural Gas . 'Stock' = Data(2005, 0, 2006, 0, 2007, 0, 2008, 0, 2009, 0, 2010, 0...
  --- region 'Indonesia' (16 rows) ---
     [OK]  Demand\Transport\Road\Bus\Blended Diesel . 'Stock' = Data(2005, 102998, 2006, 109299, 2007, 115970, 2008, 1230...
     [OK]  Demand\Transport\Road\Bus\Blended Gasoline . 'Stock' = Data(2005, 0, 2006, 0, 2007, 0, 2008, 0, 2009, 0, 2010, 0...
     [OK]  Demand\Transport\Road\Bus\Electricity . 'Stock' = Data(2005, 0, 2006, 0, 2007, 0, 2008, 0, 2009, 0, 2010, 0...
     [OK]  Demand\Transport\Road\Bus\Hydrogen . 'Stock' = Data(2005, 0, 2006, 0, 2007, 0, 2008, 0, 2009, 0, 2010, 0...
     [OK]  Demand\Transport\Road\Bus\Natural Gas . 'Stock' = Data(2005, 9575, 2006, 10161, 2007, 10781, 2008, 11435, 2...
     [OK]  Demand\Transport\Road\Motorcyle\Blended Gasoline . 'Stock' = Data(2005, 33043497, 2006, 37222931, 2007, 41891376, 2008...
     [OK]  Demand\Transport\Road\Motorcyle\Electricity . 'Stock' = Data(2005, 0, 2006, 0, 2007, 0, 2008, 0, 2009, 0, 2010, 0...
     [OK]  Demand\Transport\Road\PassengerCar\Blended Diesel . 'Stock' = Data(2005, 411434, 2006, 439296, 2007, 469352, 2008, 5018...
     [OK]  Demand\Transport\Road\PassengerCar\Blended Gasoline . 'Stock' = Data(2005, 5548147, 2006, 5923865, 2007, 6329165, 2008, 6...
     [OK]  Demand\Transport\Road\PassengerCar\Electricity . 'Stock' = Data(2005, 0, 2006, 0, 2007, 0, 2008, 0, 2009, 0, 2010, 0...
     [OK]  Demand\Transport\Road\PassengerCar\Natural Gas . 'Stock' = Data(2005, 298, 2006, 318, 2007, 340, 2008, 363, 2009, 38...
     [OK]  Demand\Transport\Road\Truck\Blended Diesel . 'Stock' = Data(2005, 2553334, 2006, 2646469, 2007, 2748079, 2008, 2...
     [OK]  Demand\Transport\Road\Truck\Blended Gasoline . 'Stock' = Data(2005, 0, 2006, 0, 2007, 0, 2008, 0, 2009, 0, 2010, 0...
     [OK]  Demand\Transport\Road\Truck\Electricity . 'Stock' = Data(2005, 0, 2006, 0, 2007, 0, 2008, 0, 2009, 0, 2010, 0...
     [OK]  Demand\Transport\Road\Truck\Hydrogen . 'Stock' = Data(2005, 0, 2006, 0, 2007, 0, 2008, 0, 2009, 0, 2010, 0...
     [OK]  Demand\Transport\Road\Truck\Natural Gas . 'Stock' = Data(2005, 0, 2006, 0, 2007, 0, 2008, 0, 2009, 0, 2010, 0...
  --- region 'Laos' (16 rows) ---
[HB t=10:24:16 stage=real_region area=aeo9_v0.81 scenarios_total=1 scenario=Current Accounts scenario_idx=1/1 region=Laos region_idx=4/10 rows_in_region=16 rows_written=48 row_in_region=10/16 elapsed=0m43s]
     [OK]  Demand\Transport\Road\Bus\Blended Diesel . 'Stock' = Data(2005, 19372, 2006, 20675, 2007, 22066, 2008, 23551, ...
     [OK]  Demand\Transport\Road\Bus\Blended Gasoline . 'Stock' = Data(2005, 0, 2006, 0, 2007, 0, 2008, 0, 2009, 0, 2010, 0...
     [OK]  Demand\Transport\Road\Bus\Electricity . 'Stock' = Data(2005, 0, 2006, 0, 2007, 0, 2008, 0, 2009, 0, 2010, 0...
     [OK]  Demand\Transport\Road\Bus\Hydrogen . 'Stock' = Data(2005, 0, 2006, 0, 2007, 0, 2008, 0, 2009, 0, 2010, 0...
     [OK]  Demand\Transport\Road\Bus\Natural Gas . 'Stock' = Data(2005, 0, 2006, 0, 2007, 0, 2008, 0, 2009, 0, 2010, 0...
     [OK]  Demand\Transport\Road\Motorcyle\Blended Gasoline . 'Stock' = Data(2005, 317837, 2006, 359922, 2007, 407507, 2008, 4612...
     [OK]  Demand\Transport\Road\Motorcyle\Electricity . 'Stock' = Data(2005, 0, 2006, 0, 2007, 0, 2008, 0, 2009, 0, 2010, 0...
     [OK]  Demand\Transport\Road\PassengerCar\Blended Diesel . 'Stock' = Data(2005, 3302, 2006, 3901, 2007, 4613, 2008, 5465, 2009...
     [OK]  Demand\Transport\Road\PassengerCar\Blended Gasoline . 'Stock' = Data(2005, 8926, 2006, 10545, 2007, 12470, 2008, 14774, 2...
     [OK]  Demand\Transport\Road\PassengerCar\Electricity . 'Stock' = Data(2005, 0, 2006, 0, 2007, 0, 2008, 0, 2009, 0, 2010, 0...
     [OK]  Demand\Transport\Road\PassengerCar\Natural Gas . 'Stock' = Data(2005, 0, 2006, 0, 2007, 0, 2008, 0, 2009, 0, 2010, 0...
     [OK]  Demand\Transport\Road\Truck\Blended Diesel . 'Stock' = Data(2005, 13738, 2006, 15568, 2007, 17806, 2008, 20608, ...
     [OK]  Demand\Transport\Road\Truck\Blended Gasoline . 'Stock' = Data(2005, 0, 2006, 0, 2007, 0, 2008, 0, 2009, 0, 2010, 0...
     [OK]  Demand\Transport\Road\Truck\Electricity . 'Stock' = Data(2005, 0, 2006, 0, 2007, 0, 2008, 0, 2009, 0, 2010, 0...
     [OK]  Demand\Transport\Road\Truck\Hydrogen . 'Stock' = Data(2005, 0, 2006, 0, 2007, 0, 2008, 0, 2009, 0, 2010, 0...
     [OK]  Demand\Transport\Road\Truck\Natural Gas . 'Stock' = Data(2005, 0, 2006, 0, 2007, 0, 2008, 0, 2009, 0, 2010, 0...
  --- region 'Malaysia' (16 rows) ---
     [OK]  Demand\Transport\Road\Bus\Blended Diesel . 'Stock' = Data(2005, 35521, 2006, 37668, 2007, 39957, 2008, 42346, ...
     [OK]  Demand\Transport\Road\Bus\Blended Gasoline . 'Stock' = Data(2005, 324, 2006, 344, 2007, 361, 2008, 402, 2009, 43...
     [OK]  Demand\Transport\Road\Bus\Electricity . 'Stock' = Data(2005, 0, 2006, 0, 2007, 0, 2008, 0, 2009, 0, 2010, 0...
     [OK]  Demand\Transport\Road\Bus\Hydrogen . 'Stock' = Data(2005, 0, 2006, 0, 2007, 0, 2008, 0, 2009, 0, 2010, 0...
     [OK]  Demand\Transport\Road\Bus\Natural Gas . 'Stock' = Data(2005, 1540, 2006, 1633, 2007, 1715, 2008, 1795, 2009...
     [OK]  Demand\Transport\Road\Motorcyle\Blended Gasoline . 'Stock' = Data(2005, 5845424, 2006, 6194113, 2007, 6567373, 2008, 6...
     [OK]  Demand\Transport\Road\Motorcyle\Electricity . 'Stock' = Data(2005, 59039, 2006, 62561, 2007, 66331, 2008, 70356, ...
     [OK]  Demand\Transport\Road\PassengerCar\Blended Diesel . 'Stock' = Data(2005, 390045, 2006, 435915, 2007, 466421, 2008, 4942...
     [OK]  Demand\Transport\Road\PassengerCar\Blended Gasoline . 'Stock' = Data(2005, 6812730, 2006, 7170217, 2007, 7571430, 2008, 8...
     [OK]  Demand\Transport\Road\PassengerCar\Electricity . 'Stock' = Data(2005, 0, 2006, 0, 2007, 0, 2008, 0, 2009, 0, 2010, 0...
     [OK]  Demand\Transport\Road\PassengerCar\Natural Gas . 'Stock' = Data(2005, 0, 2006, 0, 2007, 0, 2008, 0, 2009, 0, 2010, 0...
     [OK]  Demand\Transport\Road\Truck\Blended Diesel . 'Stock' = Data(2005, 727768, 2006, 727768, 2007, 728952, 2008, 7334...
     [OK]  Demand\Transport\Road\Truck\Blended Gasoline . 'Stock' = Data(2005, 157405, 2006, 157405, 2007, 157487, 2008, 1582...
     [OK]  Demand\Transport\Road\Truck\Electricity . 'Stock' = Data(2005, 0, 2006, 0, 2007, 0, 2008, 0, 2009, 0, 2010, 0...
     [OK]  Demand\Transport\Road\Truck\Hydrogen . 'Stock' = Data(2005, 0, 2006, 0, 2007, 0, 2008, 0, 2009, 0, 2010, 0...
     [OK]  Demand\Transport\Road\Truck\Natural Gas . 'Stock' = Data(2005, 3394, 2006, 3394, 2007, 3400, 2008, 3430, 2009...
  --- region 'Myanmar' (16 rows) ---
[HB t=10:24:31 stage=real_region area=aeo9_v0.81 scenarios_total=1 scenario=Current Accounts scenario_idx=1/1 region=Myanmar region_idx=6/10 rows_in_region=16 rows_written=80 row_in_region=10/16 elapsed=0m57s]
     [OK]  Demand\Transport\Road\Bus\Blended Diesel . 'Stock' = Data(2005, 8441, 2006, 8992, 2007, 9604, 2008, 10238, 200...
     [OK]  Demand\Transport\Road\Bus\Blended Gasoline . 'Stock' = Data(2005, 0, 2006, 0, 2007, 0, 2008, 0, 2009, 0, 2010, 0...
     [OK]  Demand\Transport\Road\Bus\Electricity . 'Stock' = Data(2005, 0, 2006, 0, 2007, 0, 2008, 0, 2009, 0, 2010, 0...
     [OK]  Demand\Transport\Road\Bus\Hydrogen . 'Stock' = Data(2005, 0, 2006, 0, 2007, 0, 2008, 0, 2009, 0, 2010, 0...
     [OK]  Demand\Transport\Road\Bus\Natural Gas . 'Stock' = Data(2005, 5894, 2006, 6279, 2007, 6639, 2008, 7002, 2009...
     [OK]  Demand\Transport\Road\Motorcyle\Blended Gasoline . 'Stock' = Data(2005, 603325, 2006, 730483, 2007, 879513, 2008, 1051...
     [OK]  Demand\Transport\Road\Motorcyle\Electricity . 'Stock' = Data(2005, 0, 2006, 0, 2007, 0, 2008, 0, 2009, 0, 2010, 0...
     [OK]  Demand\Transport\Road\PassengerCar\Blended Diesel . 'Stock' = Data(2005, 77615, 2006, 85826, 2007, 94705, 2008, 104274,...
     [OK]  Demand\Transport\Road\PassengerCar\Blended Gasoline . 'Stock' = Data(2005, 62197, 2006, 68777, 2007, 75892, 2008, 83560, ...
     [OK]  Demand\Transport\Road\PassengerCar\Electricity . 'Stock' = Data(2005, 0, 2006, 0, 2007, 0, 2008, 0, 2009, 0, 2010, 0...
     [OK]  Demand\Transport\Road\PassengerCar\Natural Gas . 'Stock' = Data(2005, 15447, 2006, 17082, 2007, 18849, 2008, 20753, ...
     [OK]  Demand\Transport\Road\Truck\Blended Diesel . 'Stock' = Data(2005, 25343, 2006, 29976, 2007, 35670, 2008, 42754, ...
     [OK]  Demand\Transport\Road\Truck\Blended Gasoline . 'Stock' = Data(2005, 3619, 2006, 4281, 2007, 5094, 2008, 6106, 2009...
     [OK]  Demand\Transport\Road\Truck\Electricity . 'Stock' = Data(2005, 0, 2006, 0, 2007, 0, 2008, 0, 2009, 0, 2010, 0...
     [OK]  Demand\Transport\Road\Truck\Hydrogen . 'Stock' = Data(2005, 0, 2006, 0, 2007, 0, 2008, 0, 2009, 0, 2010, 0...
     [OK]  Demand\Transport\Road\Truck\Natural Gas . 'Stock' = Data(2005, 7241, 2006, 8565, 2007, 10191, 2008, 12215, 20...
  --- region 'Philippines' (16 rows) ---
     [OK]  Demand\Transport\Road\Bus\Blended Diesel . 'Stock' = Data(2005, 21548, 2006, 22250, 2007, 22992, 2008, 23790, ...
     [OK]  Demand\Transport\Road\Bus\Blended Gasoline . 'Stock' = Data(2005, 15, 2006, 15, 2007, 16, 2008, 16, 2009, 16, 20...
     [OK]  Demand\Transport\Road\Bus\Electricity . 'Stock' = Data(2005, 0, 2006, 0, 2007, 0, 2008, 0, 2009, 0, 2010, 0...
     [OK]  Demand\Transport\Road\Bus\Hydrogen . 'Stock' = Data(2005, 0, 2006, 0, 2007, 0, 2008, 0, 2009, 0, 2010, 0...
     [OK]  Demand\Transport\Road\Bus\Natural Gas . 'Stock' = Data(2005, 0, 2006, 0, 2007, 0, 2008, 0, 2009, 0, 2010, 0...
     [OK]  Demand\Transport\Road\Motorcyle\Blended Gasoline . 'Stock' = Data(2005, 2084602, 2006, 2241493, 2007, 2411651, 2008, 2...
     [OK]  Demand\Transport\Road\Motorcyle\Electricity . 'Stock' = Data(2005, 0, 2006, 0, 2007, 0, 2008, 0, 2009, 0, 2010, 0...
     [OK]  Demand\Transport\Road\PassengerCar\Blended Diesel . 'Stock' = Data(2005, 852044, 2006, 882624, 2007, 914535, 2008, 9482...
     [OK]  Demand\Transport\Road\PassengerCar\Blended Gasoline . 'Stock' = Data(2005, 1270885, 2006, 1316498, 2007, 1364096, 2008, 1...
     [OK]  Demand\Transport\Road\PassengerCar\Electricity . 'Stock' = Data(2005, 0, 2006, 0, 2007, 0, 2008, 0, 2009, 0, 2010, 0...
     [OK]  Demand\Transport\Road\PassengerCar\Natural Gas . 'Stock' = Data(2005, 0, 2006, 0, 2007, 0, 2008, 0, 2009, 0, 2010, 0...
     [OK]  Demand\Transport\Road\Truck\Blended Diesel . 'Stock' = Data(2005, 210758, 2006, 215987, 2007, 222030, 2008, 2297...
     [OK]  Demand\Transport\Road\Truck\Blended Gasoline . 'Stock' = Data(2005, 2575, 2006, 2639, 2007, 2709, 2008, 2804, 2009...
     [OK]  Demand\Transport\Road\Truck\Electricity . 'Stock' = Data(2005, 0, 2006, 0, 2007, 0, 2008, 0, 2009, 0, 2010, 0...
     [OK]  Demand\Transport\Road\Truck\Hydrogen . 'Stock' = Data(2005, 0, 2006, 0, 2007, 0, 2008, 0, 2009, 0, 2010, 0...
     [OK]  Demand\Transport\Road\Truck\Natural Gas . 'Stock' = Data(2005, 0, 2006, 0, 2007, 0, 2008, 0, 2009, 0, 2010, 0...
  --- region 'Singapore' (16 rows) ---
[HB t=10:24:46 stage=real_region area=aeo9_v0.81 scenarios_total=1 scenario=Current Accounts scenario_idx=1/1 region=Singapore region_idx=8/10 rows_in_region=16 rows_written=112 row_in_region=10/16 elapsed=1m12s]
     [OK]  Demand\Transport\Road\Bus\Blended Diesel . 'Stock' = Data(2005, 11869, 2006, 12373, 2007, 12893, 2008, 13431, ...
     [OK]  Demand\Transport\Road\Bus\Blended Gasoline . 'Stock' = Data(2005, 134, 2006, 140, 2007, 147, 2008, 155, 2009, 16...
     [OK]  Demand\Transport\Road\Bus\Electricity . 'Stock' = Data(2005, 0, 2006, 0, 2007, 0, 2008, 0, 2009, 0, 2010, 0...
     [OK]  Demand\Transport\Road\Bus\Hydrogen . 'Stock' = Data(2005, 0, 2006, 0, 2007, 0, 2008, 0, 2009, 0, 2010, 0...
     [OK]  Demand\Transport\Road\Bus\Natural Gas . 'Stock' = Data(2005, 0, 2006, 0, 2007, 0, 2008, 0, 2009, 0, 2010, 0...
     [OK]  Demand\Transport\Road\Motorcyle\Blended Gasoline . 'Stock' = Data(2005, 139000, 2006, 139317, 2007, 139582, 2008, 1397...
     [OK]  Demand\Transport\Road\Motorcyle\Electricity . 'Stock' = Data(2005, 0, 2006, 0, 2007, 0, 2008, 0, 2009, 0, 2010, 0...
     [OK]  Demand\Transport\Road\PassengerCar\Blended Diesel . 'Stock' = Data(2005, 326776, 2006, 346282, 2007, 365845, 2008, 3845...
     [OK]  Demand\Transport\Road\PassengerCar\Blended Gasoline . 'Stock' = Data(2005, 136224, 2006, 144356, 2007, 152511, 2008, 1602...
     [OK]  Demand\Transport\Road\PassengerCar\Electricity . 'Stock' = Data(2005, 0, 2006, 0, 2007, 0, 2008, 0, 2009, 0, 2010, 0...
     [OK]  Demand\Transport\Road\PassengerCar\Natural Gas . 'Stock' = Data(2005, 0, 2006, 0, 2007, 0, 2008, 0, 2009, 0, 2010, 0...
     [OK]  Demand\Transport\Road\Truck\Blended Diesel . 'Stock' = Data(2005, 104635, 2006, 107717, 2007, 111248, 2008, 1155...
     [OK]  Demand\Transport\Road\Truck\Blended Gasoline . 'Stock' = Data(2005, 5507, 2006, 5669, 2007, 5855, 2008, 6082, 2009...
     [OK]  Demand\Transport\Road\Truck\Electricity . 'Stock' = Data(2005, 0, 2006, 0, 2007, 0, 2008, 0, 2009, 0, 2010, 0...
     [OK]  Demand\Transport\Road\Truck\Hydrogen . 'Stock' = Data(2005, 0, 2006, 0, 2007, 0, 2008, 0, 2009, 0, 2010, 0...
     [OK]  Demand\Transport\Road\Truck\Natural Gas . 'Stock' = Data(2005, 0, 2006, 0, 2007, 0, 2008, 0, 2009, 0, 2010, 0...
  --- region 'Thailand' (16 rows) ---
     [OK]  Demand\Transport\Road\Bus\Blended Diesel . 'Stock' = Data(2005, 70328, 2006, 74726, 2007, 79358, 2008, 84122, ...
     [OK]  Demand\Transport\Road\Bus\Blended Gasoline . 'Stock' = Data(2005, 5049, 2006, 5365, 2007, 5641, 2008, 5916, 2009...
     [OK]  Demand\Transport\Road\Bus\Electricity . 'Stock' = Data(2005, 0, 2006, 0, 2007, 0, 2008, 0, 2009, 0, 2010, 0...
     [OK]  Demand\Transport\Road\Bus\Hydrogen . 'Stock' = Data(2005, 0, 2006, 0, 2007, 0, 2008, 0, 2009, 0, 2010, 0...
     [OK]  Demand\Transport\Road\Bus\Natural Gas . 'Stock' = Data(2005, 20861, 2006, 22166, 2007, 23540, 2008, 24953, ...
     [OK]  Demand\Transport\Road\Motorcyle\Blended Gasoline . 'Stock' = Data(2005, 9576921, 2006, 10181454, 2007, 10820387, 2008,...
     [OK]  Demand\Transport\Road\Motorcyle\Electricity . 'Stock' = Data(2005, 722, 2006, 768, 2007, 816, 2008, 866, 2009, 91...
     [OK]  Demand\Transport\Road\PassengerCar\Blended Diesel . 'Stock' = Data(2005, 1145592, 2006, 1267690, 2007, 1403174, 2008, 1...
     [OK]  Demand\Transport\Road\PassengerCar\Blended Gasoline . 'Stock' = Data(2005, 1403801, 2006, 1553419, 2007, 1719441, 2008, 1...
     [OK]  Demand\Transport\Road\PassengerCar\Electricity . 'Stock' = Data(2005, 0, 2006, 0, 2007, 0, 2008, 0, 2009, 0, 2010, 0...
     [OK]  Demand\Transport\Road\PassengerCar\Natural Gas . 'Stock' = Data(2005, 0, 2006, 0, 2007, 0, 2008, 0, 2009, 0, 2010, 0...
     [OK]  Demand\Transport\Road\Truck\Blended Diesel . 'Stock' = Data(2005, 715725, 2006, 715725, 2007, 715725, 2008, 7159...
     [OK]  Demand\Transport\Road\Truck\Blended Gasoline . 'Stock' = Data(2005, 5760, 2006, 5760, 2007, 5760, 2008, 5762, 2009...
     [OK]  Demand\Transport\Road\Truck\Electricity . 'Stock' = Data(2005, 0, 2006, 0, 2007, 0, 2008, 0, 2009, 0, 2010, 0...
     [OK]  Demand\Transport\Road\Truck\Hydrogen . 'Stock' = Data(2005, 0, 2006, 0, 2007, 0, 2008, 0, 2009, 0, 2010, 0...
     [OK]  Demand\Transport\Road\Truck\Natural Gas . 'Stock' = Data(2005, 84733, 2006, 84733, 2007, 84733, 2008, 84757, ...
  --- region 'Vietnam' (16 rows) ---
[HB t=10:25:02 stage=real_region area=aeo9_v0.81 scenarios_total=1 scenario=Current Accounts scenario_idx=1/1 region=Vietnam region_idx=10/10 rows_in_region=16 rows_written=144 row_in_region=10/16 elapsed=1m28s]
     [OK]  Demand\Transport\Road\Bus\Blended Diesel . 'Stock' = Data(2005, 50960, 2006, 53892, 2007, 56989, 2008, 60261, ...
     [OK]  Demand\Transport\Road\Bus\Blended Gasoline . 'Stock' = Data(2005, 0, 2006, 0, 2007, 0, 2008, 0, 2009, 0, 2010, 0...
     [OK]  Demand\Transport\Road\Bus\Electricity . 'Stock' = Data(2005, 0, 2006, 0, 2007, 0, 2008, 0, 2009, 0, 2010, 0...
     [OK]  Demand\Transport\Road\Bus\Hydrogen . 'Stock' = Data(2005, 0, 2006, 0, 2007, 0, 2008, 0, 2009, 0, 2010, 0...
     [OK]  Demand\Transport\Road\Bus\Natural Gas . 'Stock' = Data(2005, 21829, 2006, 23085, 2007, 24416, 2008, 25819, ...
     [OK]  Demand\Transport\Road\Motorcyle\Blended Gasoline . 'Stock' = Data(2005, 15127230, 2006, 16986820, 2007, 19044433, 2008...
     [OK]  Demand\Transport\Road\Motorcyle\Electricity . 'Stock' = Data(2005, 0, 2006, 0, 2007, 0, 2008, 0, 2009, 0, 2010, 0...
     [OK]  Demand\Transport\Road\PassengerCar\Blended Diesel . 'Stock' = Data(2005, 60682, 2006, 67648, 2007, 75415, 2008, 84054, ...
     [OK]  Demand\Transport\Road\PassengerCar\Blended Gasoline . 'Stock' = Data(2005, 614387, 2006, 684922, 2007, 763553, 2008, 8510...
     [OK]  Demand\Transport\Road\PassengerCar\Electricity . 'Stock' = Data(2005, 0, 2006, 0, 2007, 0, 2008, 0, 2009, 0, 2010, 0...
     [OK]  Demand\Transport\Road\PassengerCar\Natural Gas . 'Stock' = Data(2005, 0, 2006, 0, 2007, 0, 2008, 0, 2009, 0, 2010, 0...
     [OK]  Demand\Transport\Road\Truck\Blended Diesel . 'Stock' = Data(2005, 294545, 2006, 336211, 2007, 378999, 2008, 4226...
     [OK]  Demand\Transport\Road\Truck\Blended Gasoline . 'Stock' = Data(2005, 0, 2006, 0, 2007, 0, 2008, 0, 2009, 0, 2010, 0...
     [OK]  Demand\Transport\Road\Truck\Electricity . 'Stock' = Data(2005, 0, 2006, 0, 2007, 0, 2008, 0, 2009, 0, 2010, 0...
     [OK]  Demand\Transport\Road\Truck\Hydrogen . 'Stock' = Data(2005, 0, 2006, 0, 2007, 0, 2008, 0, 2009, 0, 2010, 0...
     [OK]  Demand\Transport\Road\Truck\Natural Gas . 'Stock' = Data(2005, 0, 2006, 0, 2007, 0, 2008, 0, 2009, 0, 2010, 0...
  [real-inject] {'pushed': 160}

[transport] ── Phase 4: READBACK VERIFY ──
  Verifying 10 representative row(s) (1 per region × 10 region(s))
  [EXACT] Brunei|Stock on Demand\Transport\Road\Bus\Blended Diesel
  [EXACT] Cambodia|Stock on Demand\Transport\Road\Bus\Blended Diesel
  [EXACT] Indonesia|Stock on Demand\Transport\Road\Bus\Blended Diesel
  [EXACT] Laos|Stock on Demand\Transport\Road\Bus\Blended Diesel
  [EXACT] Malaysia|Stock on Demand\Transport\Road\Bus\Blended Diesel
  [EXACT] Myanmar|Stock on Demand\Transport\Road\Bus\Blended Diesel
  [EXACT] Philippines|Stock on Demand\Transport\Road\Bus\Blended Diesel
  [EXACT] Singapore|Stock on Demand\Transport\Road\Bus\Blended Diesel
  [EXACT] Thailand|Stock on Demand\Transport\Road\Bus\Blended Diesel
  [EXACT] Vietnam|Stock on Demand\Transport\Road\Bus\Blended Diesel
  Readback summary: 10 EXACT, 0 NORMALISED, 0 FAIL

[transport] === ALL SCENARIOS DONE ===
[HB-DONE op=inject_transport elapsed=2m28s rows=154 progress=inject\transport\20260721\_progress_inject_transport_20260727_102333.json]
